core_cm4.h:1939:34:__NVIC_SystemReset	4	static,ignoring_inline_asm
main.c:290:6:reInitIMU	32	static
main.c:316:6:CalcMagnitude	552	static
main.c:375:6:TimeToGoHome	32	static
main.c:393:6:setTime	40	static
main.c:406:6:setDate	32	static
main.c:418:6:BootLoaderInit	24	static,ignoring_inline_asm
main.c:437:6:WatchdogInit	8	static
main.c:458:6:WatchdogRefresh	8	static
main.c:465:6:InitFIR	24	static
main.c:473:6:FIR_LEFT	32	static
main.c:489:6:FIR_RIGHT	32	static
main.c:505:6:FIR_REAR	32	static
main.c:522:10:rnd	24	static
main.c:531:6:CheckMotorCurrent	40	static
main.c:608:6:CheckVoltage	8	static
main.c:625:6:SendInfo	224	static
main.c:694:6:CollectADC	40	static
main.c:788:6:delay_us	16	static
main.c:794:6:unDock	112	static
main.c:834:6:ChargerConnected	8	static
main.c:874:6:perimeterTracker	32	static
main.c:957:6:parseCommand_Console	976	static
main.c:1320:6:parseCommand_RPI	80	static
main.c:1352:6:Serial_Console	16	static
main.c:1358:6:Serial_RPi	16	static
main.c:1364:9:CheckSecurity	24	static
main.c:1421:6:cutterHardBreak	8	static
main.c:1432:6:cutterON	16	static
main.c:1463:6:cutterOFF	8	static
main.c:1472:6:CheckBWF_Rear	56	static
main.c:1531:6:CheckBWF	80	static
main.c:1655:6:ADC_Send	32	static
main.c:1670:5:ADC_Receive	32	static
main.c:1689:6:UpdateMotorSpeed	24	static
main.c:1745:6:MotorForward	104	static
main.c:1785:6:MotorBackward	112	static
main.c:1846:6:MotorRight	24	static
main.c:1878:6:MotorLeft	24	static
main.c:1910:6:MotorStop	16	static
main.c:1942:6:MotorBrake	4	static
main.c:1954:6:MotorHardBrake	8	static
main.c:1971:6:CheckState	16	static
main.c:2158:5:main	184	static
main.c:2328:6:SystemClock_Config	104	static
main.c:2382:13:MX_ADC1_Init	24	static
main.c:2440:13:MX_ADC2_Init	24	static
main.c:2498:13:MX_I2C1_Init	8	static
main.c:2532:13:MX_IWDG_Init	8	static
main.c:2560:13:MX_RNG_Init	8	static
main.c:2586:13:MX_RTC_Init	8	static
main.c:2620:13:MX_TIM2_Init	32	static
main.c:2665:13:MX_TIM3_Init	64	static
main.c:2728:13:MX_TIM4_Init	64	static
main.c:2799:13:MX_TIM5_Init	32	static
main.c:2844:13:MX_USART1_UART_Init	8	static
main.c:2877:13:MX_USART2_UART_Init	8	static
main.c:2908:13:MX_DMA_Init	16	static
main.c:2936:13:MX_GPIO_Init	48	static
main.c:2977:6:HAL_GPIO_EXTI_Callback	16	static
main.c:2988:6:HAL_TIM_PeriodElapsedCallback	16	static
main.c:2996:6:HAL_ADC_ConvCpltCallback	16	static
main.c:3000:6:HAL_UART_RxCpltCallback	24	static
main.c:3032:6:Error_Handler	4	static,ignoring_inline_asm
