core_cm4.h:1939:34:__NVIC_SystemReset	4	static,ignoring_inline_asm
main.c:285:6:reInitIMU	32	static
main.c:310:6:CalcMagnitude	552	static
main.c:347:6:TimeToGoHome	32	static
main.c:363:6:setTime	40	static
main.c:375:6:setDate	32	static
main.c:387:6:BootLoaderInit	24	static,ignoring_inline_asm
main.c:406:6:WatchdogInit	8	static
main.c:427:6:WatchdogRefresh	8	static
main.c:434:6:InitFIR	24	static
main.c:442:6:FIR_LEFT	32	static
main.c:458:6:FIR_RIGHT	32	static
main.c:474:6:FIR_REAR	32	static
main.c:491:10:rnd	24	static
main.c:500:6:CheckMotorCurrent	40	static
main.c:573:6:CheckVoltage	8	static
main.c:588:6:SendInfo	224	static
main.c:657:6:CollectADC	32	static
main.c:721:6:delay_us	16	static
main.c:727:6:unDock	112	static
main.c:760:6:ChargerConnected	8	static
main.c:794:6:perimeterTracker	32	static
main.c:853:6:parseCommand_Console	928	static
main.c:1186:6:parseCommand_RPI	80	static
main.c:1218:6:Serial_Console	16	static
main.c:1224:6:Serial_RPi	16	static
main.c:1230:9:CheckSecurity	16	static
main.c:1284:6:cutterHardBreak	8	static
main.c:1295:6:cutterON	16	static
main.c:1325:6:cutterOFF	4	static
main.c:1333:6:CheckBWF_Rear	56	static
main.c:1392:6:CheckBWF	80	static
main.c:1516:6:ADC_Send	32	static
main.c:1531:5:ADC_Receive	32	static
main.c:1550:6:UpdateMotorSpeed	24	static
main.c:1600:6:MotorForward	32	static
main.c:1640:6:MotorBackward	40	static
main.c:1700:6:MotorRight	24	static
main.c:1731:6:MotorLeft	24	static
main.c:1762:6:MotorStop	16	static
main.c:1794:6:MotorBrake	4	static
main.c:1806:6:MotorHardBrake	8	static
main.c:1823:6:CheckState	24	static
main.c:1997:5:main	104	static
main.c:2166:6:SystemClock_Config	104	static
main.c:2220:13:MX_ADC1_Init	24	static
main.c:2278:13:MX_ADC2_Init	24	static
main.c:2336:13:MX_I2C1_Init	8	static
main.c:2370:13:MX_I2C2_Init	8	static
main.c:2404:13:MX_IWDG_Init	8	static
main.c:2432:13:MX_RNG_Init	8	static
main.c:2458:13:MX_RTC_Init	8	static
main.c:2492:13:MX_TIM2_Init	32	static
main.c:2537:13:MX_TIM3_Init	64	static
main.c:2600:13:MX_TIM4_Init	64	static
main.c:2671:13:MX_TIM5_Init	32	static
main.c:2716:13:MX_USART1_UART_Init	8	static
main.c:2749:13:MX_USART2_UART_Init	8	static
main.c:2780:13:MX_DMA_Init	16	static
main.c:2808:13:MX_GPIO_Init	48	static
main.c:2849:6:HAL_GPIO_EXTI_Callback	16	static
main.c:2857:6:HAL_TIM_PeriodElapsedCallback	16	static
main.c:2865:6:HAL_ADC_ConvCpltCallback	16	static
main.c:2868:6:HAL_UART_RxCpltCallback_UART1	24	static
main.c:2887:6:HAL_UART_RxCpltCallback_UART2	24	static
main.c:2907:6:HAL_UART_TxCpltCallback	16	static
main.c:2918:6:Error_Handler	4	static,ignoring_inline_asm
