sram.c:16:9:read_sram_errorlog	24	static
sram.c:29:6:write_sram_errorlog	24	static
sram.c:40:9:read_sram_uint8	24	static
sram.c:53:6:write_sram_uint8	24	static
sram.c:63:10:read_sram_uint16	24	static
sram.c:76:6:write_sram_uint16	24	static
sram.c:86:10:read_sram_uint32	24	static
sram.c:99:6:write_sram_uint32	24	static
sram.c:109:7:read_sram_float	24	static
sram.c:122:6:write_sram_float	24	static
sram.c:132:6:enable_backup_sram	16	static
sram.c:145:6:clear_errors	3024	static
sram.c:160:6:scroll_error_list	3024	static
sram.c:173:6:add_error_event	3056	static
sram.c:201:12:read_error_log	1032	static
sram.c:220:15:read_all_settings	104	static
sram.c:266:6:write_error_log	24	static
sram.c:278:6:write_all_settings	8	static
sram.c:330:6:save_default_settings	168	static
