stm32f4xx_it.c:80:6:NMI_Handler	4	static
stm32f4xx_it.c:95:6:HardFault_Handler	4	static
stm32f4xx_it.c:110:6:MemManage_Handler	4	static
stm32f4xx_it.c:125:6:BusFault_Handler	4	static
stm32f4xx_it.c:140:6:UsageFault_Handler	4	static
stm32f4xx_it.c:155:6:SVC_Handler	4	static
stm32f4xx_it.c:168:6:DebugMon_Handler	4	static
stm32f4xx_it.c:181:6:PendSV_Handler	4	static
stm32f4xx_it.c:194:6:SysTick_Handler	8	static
stm32f4xx_it.c:215:6:PVD_IRQHandler	8	static
stm32f4xx_it.c:229:6:DMA1_Stream5_IRQHandler	8	static
stm32f4xx_it.c:243:6:ADC_IRQHandler	8	static
stm32f4xx_it.c:258:6:TIM2_IRQHandler	8	static
stm32f4xx_it.c:272:6:USART1_IRQHandler	8	static
stm32f4xx_it.c:290:6:USART2_IRQHandler	8	static
stm32f4xx_it.c:308:6:TIM5_IRQHandler	8	static
stm32f4xx_it.c:322:6:DMA2_Stream0_IRQHandler	8	static
stm32f4xx_it.c:336:6:DMA2_Stream2_IRQHandler	8	static
stm32f4xx_it.c:350:6:DMA2_Stream3_IRQHandler	8	static
stm32f4xx_it.c:364:6:HASH_RNG_IRQHandler	8	static
