core_cm4.h:1939:34:__NVIC_SystemReset	4	static,ignoring_inline_asm
main.c:330:6:TimeToGoHome	32	static
main.c:344:6:setTime	40	static
main.c:356:6:setDate	32	static
main.c:368:6:BootLoaderInit	24	static,ignoring_inline_asm
main.c:385:6:WatchdogInit	8	static
main.c:403:6:WatchdogRefresh	8	static
main.c:407:6:InitFIR	24	static
main.c:412:6:FIR_LEFT	32	static
main.c:427:6:FIR_RIGHT	32	static
main.c:443:10:rnd	24	static
main.c:450:6:reInitIMU	32	static
main.c:477:6:MPU6050_Read_Gyro	40	static
main.c:510:6:MPU6050_Read_Accel	48	static
main.c:538:6:Init6050	32	static
main.c:560:6:ProcessIMUData	24	static
main.c:591:6:CheckMotorCurrent	40	static
main.c:661:6:CheckVoltage	8	static
main.c:676:6:SendInfo	224	static
main.c:734:6:CollectADC	16	static
main.c:791:6:delay_us	16	static
main.c:797:6:unDock	32	static
main.c:827:6:ChargerConnected	8	static
main.c:861:6:perimeterTracker	32	static
main.c:920:6:parseCommand_Console	248	static
main.c:1163:6:parseCommand_RPI	80	static
main.c:1204:6:Serial_Console	16	static
main.c:1210:6:Serial_RPi	16	static
main.c:1216:9:CheckSecurity	8	static
main.c:1245:6:cutterHardBreak	8	static
main.c:1256:6:cutterON	16	static
main.c:1286:6:cutterOFF	4	static
main.c:1297:6:CheckBWF	64	static
main.c:1418:6:ADC_Send	32	static
main.c:1433:5:ADC_Receive	32	static
main.c:1452:6:UpdateMotorSpeed	24	static
main.c:1494:6:Undock_MotorBackward	24	static
main.c:1518:6:MotorForward	32	static
main.c:1557:6:MotorBackward	24	static
main.c:1586:6:MotorRight	24	static
main.c:1614:6:MotorLeft	24	static
main.c:1642:6:MotorStop	16	static
main.c:1674:6:MotorBrake	4	static
main.c:1686:6:MotorHardBrake	8	static
main.c:1703:6:CheckState	8	static
main.c:1861:5:main	8	static
main.c:2010:6:SystemClock_Config	104	static
main.c:2062:13:MX_ADC1_Init	24	static
main.c:2120:13:MX_I2C1_Init	8	static
main.c:2154:13:MX_I2C2_Init	8	static
main.c:2188:13:MX_IWDG_Init	8	static
main.c:2216:13:MX_RNG_Init	8	static
main.c:2242:13:MX_RTC_Init	8	static
main.c:2276:13:MX_TIM2_Init	32	static
main.c:2321:13:MX_TIM3_Init	64	static
main.c:2384:13:MX_TIM4_Init	64	static
main.c:2455:13:MX_TIM5_Init	32	static
main.c:2500:13:MX_USART1_UART_Init	8	static
main.c:2533:13:MX_USART2_UART_Init	8	static
main.c:2564:13:MX_DMA_Init	16	static
main.c:2589:13:MX_GPIO_Init	56	static
main.c:2681:6:HAL_TIM_PeriodElapsedCallback	16	static
main.c:2689:6:HAL_ADC_ConvCpltCallback	16	static
main.c:2692:6:HAL_UART_RxCpltCallback_UART1	24	static
main.c:2711:6:HAL_UART_RxCpltCallback_UART2	24	static
main.c:2731:6:HAL_UART_TxCpltCallback	16	static
main.c:2742:6:Error_Handler	4	static,ignoring_inline_asm
