stm32f4xx_hal_rtc.c:672:13:HAL_RTC_MspInit	0	static
stm32f4xx_hal_rtc.c:687:13:HAL_RTC_MspDeInit	0	static
stm32f4xx_hal_rtc.c:1432:19:HAL_RTC_DeactivateAlarm	16	static
stm32f4xx_hal_rtc.c:1631:13:HAL_RTC_AlarmAEventCallback	0	static
stm32f4xx_hal_rtc.c:1580:6:HAL_RTC_AlarmIRQHandler	8	static
stm32f4xx_hal_rtc.c:1647:19:HAL_RTC_PollForAlarmAEvent	16	static
stm32f4xx_hal_rtc.c:1709:19:HAL_RTC_WaitForSynchro	16	static
stm32f4xx_hal_rtc.c:1755:21:HAL_RTC_GetState	0	static
stm32f4xx_hal_rtc.c:1766:6:HAL_RTC_DST_Add1Hour	0	static
stm32f4xx_hal_rtc.c:1780:6:HAL_RTC_DST_Sub1Hour	0	static
stm32f4xx_hal_rtc.c:1794:6:HAL_RTC_DST_SetStoreOperation	0	static
stm32f4xx_hal_rtc.c:1807:6:HAL_RTC_DST_ClearStoreOperation	0	static
stm32f4xx_hal_rtc.c:1820:10:HAL_RTC_DST_ReadStoreOperation	0	static
stm32f4xx_hal_rtc.c:1838:19:RTC_EnterInitMode	16	static
stm32f4xx_hal_rtc.c:246:19:HAL_RTC_Init	16	static
stm32f4xx_hal_rtc.c:363:19:HAL_RTC_DeInit	16	static
stm32f4xx_hal_rtc.c:1870:9:RTC_ByteToBcd2	0	static
stm32f4xx_hal_rtc.c:725:19:HAL_RTC_SetTime	24	static
stm32f4xx_hal_rtc.c:901:19:HAL_RTC_SetDate	24	static
stm32f4xx_hal_rtc.c:1066:19:HAL_RTC_SetAlarm	40	static
stm32f4xx_hal_rtc.c:1249:19:HAL_RTC_SetAlarm_IT	40	static
stm32f4xx_hal_rtc.c:1888:9:RTC_Bcd2ToByte	0	static
stm32f4xx_hal_rtc.c:856:19:HAL_RTC_GetTime	16	static
stm32f4xx_hal_rtc.c:1011:19:HAL_RTC_GetDate	16	static
stm32f4xx_hal_rtc.c:1529:19:HAL_RTC_GetAlarm	24	static
