stm32f4xx_hal_i2c.c:7437:26:I2C_IsAcknowledgeFailed	0	static
stm32f4xx_hal_i2c.c:7203:26:I2C_WaitOnMasterAddressFlagUntilTimeout	24	static
stm32f4xx_hal_i2c.c:7292:26:I2C_WaitOnBTFFlagUntilTimeout	16	static
stm32f4xx_hal_i2c.c:7392:26:I2C_WaitOnRXNEFlagUntilTimeout	16	static
stm32f4xx_hal_i2c.c:7169:26:I2C_WaitOnFlagUntilTimeout	32	static
stm32f4xx_hal_i2c.c:7254:26:I2C_WaitOnTXEFlagUntilTimeout	16	static
stm32f4xx_hal_i2c.c:6698:26:I2C_RequestMemoryWrite	48	static
stm32f4xx_hal_i2c.c:6778:26:I2C_RequestMemoryRead	48	static
stm32f4xx_hal_i2c.c:596:13:HAL_I2C_MspInit	0	static
stm32f4xx_hal_i2c.c:435:19:HAL_I2C_Init	16	static
stm32f4xx_hal_i2c.c:612:13:HAL_I2C_MspDeInit	0	static
stm32f4xx_hal_i2c.c:550:19:HAL_I2C_DeInit	8	static
stm32f4xx_hal_i2c.c:1032:19:HAL_I2C_Master_Transmit	48	static
stm32f4xx_hal_i2c.c:1153:19:HAL_I2C_Master_Receive	64	static
stm32f4xx_hal_i2c.c:1397:19:HAL_I2C_Slave_Transmit	48	static
stm32f4xx_hal_i2c.c:1527:19:HAL_I2C_Slave_Receive	48	static
stm32f4xx_hal_i2c.c:1648:19:HAL_I2C_Master_Transmit_IT	24	static
stm32f4xx_hal_i2c.c:1728:19:HAL_I2C_Master_Receive_IT	24	static
stm32f4xx_hal_i2c.c:1810:19:HAL_I2C_Slave_Transmit_IT	8	static
stm32f4xx_hal_i2c.c:1872:19:HAL_I2C_Slave_Receive_IT	8	static
stm32f4xx_hal_i2c.c:1936:19:HAL_I2C_Master_Transmit_DMA	32	static
stm32f4xx_hal_i2c.c:2094:19:HAL_I2C_Master_Receive_DMA	24	static
stm32f4xx_hal_i2c.c:2250:19:HAL_I2C_Slave_Transmit_DMA	24	static
stm32f4xx_hal_i2c.c:2364:19:HAL_I2C_Slave_Receive_DMA	24	static
stm32f4xx_hal_i2c.c:2483:19:HAL_I2C_Mem_Write	40	static
stm32f4xx_hal_i2c.c:2606:19:HAL_I2C_Mem_Read	56	static
stm32f4xx_hal_i2c.c:2853:19:HAL_I2C_Mem_Write_IT	24	static
stm32f4xx_hal_i2c.c:2941:19:HAL_I2C_Mem_Read_IT	32	static
stm32f4xx_hal_i2c.c:3035:19:HAL_I2C_Mem_Write_DMA	48	static
stm32f4xx_hal_i2c.c:3216:19:HAL_I2C_Mem_Read_DMA	56	static
stm32f4xx_hal_i2c.c:3411:19:HAL_I2C_IsDeviceReady	56	static
stm32f4xx_hal_i2c.c:3547:19:HAL_I2C_Master_Seq_Transmit_IT	32	static
stm32f4xx_hal_i2c.c:3645:19:HAL_I2C_Master_Seq_Transmit_DMA	32	static
stm32f4xx_hal_i2c.c:3828:19:HAL_I2C_Master_Seq_Receive_IT	32	static
stm32f4xx_hal_i2c.c:3952:19:HAL_I2C_Master_Seq_Receive_DMA	32	static
stm32f4xx_hal_i2c.c:4170:19:HAL_I2C_Slave_Seq_Transmit_IT	24	static
stm32f4xx_hal_i2c.c:4236:19:HAL_I2C_Slave_Seq_Transmit_DMA	40	static
stm32f4xx_hal_i2c.c:4410:19:HAL_I2C_Slave_Seq_Receive_IT	24	static
stm32f4xx_hal_i2c.c:4476:19:HAL_I2C_Slave_Seq_Receive_DMA	40	static
stm32f4xx_hal_i2c.c:4646:19:HAL_I2C_EnableListen_IT	0	static
stm32f4xx_hal_i2c.c:4679:19:HAL_I2C_DisableListen_IT	0	static
stm32f4xx_hal_i2c.c:5019:13:HAL_I2C_MasterTxCpltCallback	0	static
stm32f4xx_hal_i2c.c:5035:13:HAL_I2C_MasterRxCpltCallback	0	static
stm32f4xx_hal_i2c.c:5050:13:HAL_I2C_SlaveTxCpltCallback	0	static
stm32f4xx_hal_i2c.c:5066:13:HAL_I2C_SlaveRxCpltCallback	0	static
stm32f4xx_hal_i2c.c:5084:13:HAL_I2C_AddrCallback	0	static
stm32f4xx_hal_i2c.c:5102:13:HAL_I2C_ListenCpltCallback	0	static
stm32f4xx_hal_i2c.c:5118:13:HAL_I2C_MemTxCpltCallback	0	static
stm32f4xx_hal_i2c.c:5408:13:I2C_MemoryTransmit_TXE_BTF	8	static
stm32f4xx_hal_i2c.c:5134:13:HAL_I2C_MemRxCpltCallback	0	static
stm32f4xx_hal_i2c.c:5150:13:HAL_I2C_ErrorCallback	0	static
stm32f4xx_hal_i2c.c:7025:13:I2C_DMAError	8	static
stm32f4xx_hal_i2c.c:6887:13:I2C_DMAXferCplt	16	static
stm32f4xx_hal_i2c.c:5166:13:HAL_I2C_AbortCpltCallback	0	static
stm32f4xx_hal_i2c.c:7066:13:I2C_DMAAbort	24	static
stm32f4xx_hal_i2c.c:6362:13:I2C_ITError	8	static
stm32f4xx_hal_i2c.c:4714:19:HAL_I2C_Master_Abort_IT	8	static
stm32f4xx_hal_i2c.c:4773:6:HAL_I2C_EV_IRQHandler	64	static
stm32f4xx_hal_i2c.c:4939:6:HAL_I2C_ER_IRQHandler	24	static
stm32f4xx_hal_i2c.c:5201:22:HAL_I2C_GetState	0	static
stm32f4xx_hal_i2c.c:5213:21:HAL_I2C_GetMode	0	static
stm32f4xx_hal_i2c.c:5224:10:HAL_I2C_GetError	0	static
