main.c:563:6:ProcessIMUData	24	static
main.c:1471:6:cutterOFF	0	static
main.c:1866:6:MotorBrake	0	static
main.c:1834:6:MotorStop	16	static
main.c:2375:13:MX_I2C2_Init	8	static,ignoring_inline_asm
main.c:541:6:Init6050	48	static
main.c:1389:6:Serial_RPi	16	static
main.c:1383:6:Serial_Console	16	static
main.c:456:6:reInitIMU	40	static
main.c:513:6:MPU6050_Read_Accel	56	static
main.c:287:6:CalcMagnitude	528	static
main.c:447:10:rnd	8	static
main.c:1603:6:ADC_Send	32	static
main.c:1395:9:CheckSecurity	56	static
main.c:1778:6:MotorRight.constprop	24	static
main.c:1749:6:MotorBackward.constprop	16	static
main.c:1806:6:MotorLeft.constprop	24	static
main.c:930:6:parseCommand_Console	256	static,ignoring_inline_asm
main.c:2229:6:SystemClock_Config	104	static,ignoring_inline_asm
main.c:2066:5:main	320	static,ignoring_inline_asm
main.c:2851:6:HAL_GPIO_EXTI_Callback	0	static
main.c:2859:6:HAL_TIM_PeriodElapsedCallback	8	static
main.c:2867:6:HAL_ADC_ConvCpltCallback	0	static
main.c:2870:6:HAL_UART_RxCpltCallback_UART1	16	static
main.c:2889:6:HAL_UART_RxCpltCallback_UART2	16	static
main.c:2909:6:HAL_UART_TxCpltCallback	0	static
main.c:2920:6:Error_Handler	0	static,ignoring_inline_asm
