main.c:582:6:ProcessIMUData	24	static
main.c:1448:6:cutterOFF	0	static
main.c:1834:6:MotorBrake	0	static
main.c:1802:6:MotorStop	16	static
main.c:2314:13:MX_I2C2_Init	8	static,ignoring_inline_asm
main.c:560:6:Init6050	48	static
main.c:1372:6:Serial_RPi	16	static
main.c:1366:6:Serial_Console	16	static
main.c:473:6:reInitIMU	40	static
main.c:500:6:MPU6050_Read_Gyro	48	static
main.c:464:10:rnd	8	static
main.c:1578:6:ADC_Send	32	static
main.c:1378:9:CheckSecurity	56	static
main.c:1746:6:MotorRight.constprop	24	static
main.c:1717:6:MotorBackward.constprop	16	static
main.c:1774:6:MotorLeft.constprop	24	static
main.c:937:6:parseCommand_Console	224	static,ignoring_inline_asm
main.c:2168:6:SystemClock_Config	104	static,ignoring_inline_asm
main.c:2007:5:main	296	static,ignoring_inline_asm
main.c:2790:6:HAL_TIM_PeriodElapsedCallback	8	static
main.c:2798:6:HAL_ADC_ConvCpltCallback	0	static
main.c:2801:6:HAL_UART_RxCpltCallback_UART1	16	static
main.c:2820:6:HAL_UART_RxCpltCallback_UART2	16	static
main.c:2840:6:HAL_UART_TxCpltCallback	0	static
main.c:2851:6:Error_Handler	0	static,ignoring_inline_asm
