main.c:576:6:ProcessIMUData	24	static
main.c:1299:6:cutterOFF	0	static
main.c:1685:6:MotorBrake	0	static
main.c:2153:13:MX_I2C2_Init	8	static,ignoring_inline_asm
main.c:1653:6:MotorStop	16	static
main.c:554:6:Init6050	48	static
main.c:1223:6:Serial_RPi	16	static
main.c:1217:6:Serial_Console	16	static
main.c:467:6:reInitIMU	40	static
main.c:494:6:MPU6050_Read_Gyro	48	static
main.c:458:10:rnd	8	static
main.c:1429:6:ADC_Send	32	static
main.c:1229:9:CheckSecurity	56	static
main.c:1597:6:MotorRight.constprop	24	static
main.c:1568:6:MotorBackward.constprop	16	static
main.c:1625:6:MotorLeft.constprop	24	static
main.c:2007:6:SystemClock_Config	104	static,ignoring_inline_asm
main.c:1858:5:main	272	static,ignoring_inline_asm
main.c:2629:6:HAL_TIM_PeriodElapsedCallback	8	static
main.c:2637:6:HAL_ADC_ConvCpltCallback	0	static
main.c:2640:6:HAL_UART_RxCpltCallback_UART1	16	static
main.c:2659:6:HAL_UART_RxCpltCallback_UART2	16	static
main.c:2679:6:HAL_UART_TxCpltCallback	0	static
main.c:2690:6:Error_Handler	0	static,ignoring_inline_asm
