stm32f4xx_hal_msp.c:71:6:HAL_MspInit	8	static
stm32f4xx_hal_msp.c:93:6:HAL_ADC_MspInit	48	static
stm32f4xx_hal_msp.c:149:6:HAL_ADC_MspDeInit	8	static
stm32f4xx_hal_msp.c:183:6:HAL_I2C_MspInit	56	static
stm32f4xx_hal_msp.c:243:6:HAL_I2C_MspDeInit	8	static
stm32f4xx_hal_msp.c:294:6:HAL_RNG_MspInit	16	static
stm32f4xx_hal_msp.c:319:6:HAL_RNG_MspDeInit	0	static
stm32f4xx_hal_msp.c:344:6:HAL_RTC_MspInit	0	static
stm32f4xx_hal_msp.c:366:6:HAL_RTC_MspDeInit	0	static
stm32f4xx_hal_msp.c:388:6:HAL_TIM_Base_MspInit	24	static
stm32f4xx_hal_msp.c:443:6:HAL_TIM_MspPostInit	40	static
stm32f4xx_hal_msp.c:499:6:HAL_TIM_Base_MspDeInit	0	static
stm32f4xx_hal_msp.c:560:6:HAL_UART_MspInit	56	static
stm32f4xx_hal_msp.c:664:6:HAL_UART_MspDeInit	8	static
