stm32f4xx_it.c:78:6:NMI_Handler	0	static
stm32f4xx_it.c:93:6:HardFault_Handler	0	static
stm32f4xx_it.c:108:6:MemManage_Handler	0	static
stm32f4xx_it.c:123:6:BusFault_Handler	0	static
stm32f4xx_it.c:138:6:UsageFault_Handler	0	static
stm32f4xx_it.c:153:6:SVC_Handler	0	static
stm32f4xx_it.c:166:6:DebugMon_Handler	0	static
stm32f4xx_it.c:179:6:PendSV_Handler	0	static
stm32f4xx_it.c:192:6:SysTick_Handler	0	static
stm32f4xx_it.c:213:6:PVD_IRQHandler	0	static
stm32f4xx_it.c:227:6:DMA1_Stream5_IRQHandler	0	static
stm32f4xx_it.c:241:6:ADC_IRQHandler	0	static
stm32f4xx_it.c:255:6:TIM2_IRQHandler	0	static
stm32f4xx_it.c:269:6:USART1_IRQHandler	8	static
stm32f4xx_it.c:287:6:USART2_IRQHandler	8	static
stm32f4xx_it.c:305:6:TIM5_IRQHandler	0	static
stm32f4xx_it.c:319:6:DMA2_Stream0_IRQHandler	0	static
stm32f4xx_it.c:333:6:DMA2_Stream2_IRQHandler	0	static
stm32f4xx_it.c:347:6:HASH_RNG_IRQHandler	0	static
