stm32f4xx_hal_msp.c:71:6:HAL_MspInit	16	static
stm32f4xx_hal_msp.c:98:6:HAL_ADC_MspInit	48	static
stm32f4xx_hal_msp.c:154:6:HAL_ADC_MspDeInit	8	static
stm32f4xx_hal_msp.c:188:6:HAL_I2C_MspInit	56	static
stm32f4xx_hal_msp.c:248:6:HAL_I2C_MspDeInit	8	static
stm32f4xx_hal_msp.c:299:6:HAL_RNG_MspInit	16	static
stm32f4xx_hal_msp.c:324:6:HAL_RNG_MspDeInit	0	static
stm32f4xx_hal_msp.c:349:6:HAL_RTC_MspInit	0	static
stm32f4xx_hal_msp.c:371:6:HAL_RTC_MspDeInit	0	static
stm32f4xx_hal_msp.c:393:6:HAL_TIM_Base_MspInit	24	static
stm32f4xx_hal_msp.c:448:6:HAL_TIM_MspPostInit	40	static
stm32f4xx_hal_msp.c:504:6:HAL_TIM_Base_MspDeInit	0	static
stm32f4xx_hal_msp.c:565:6:HAL_UART_MspInit	56	static
stm32f4xx_hal_msp.c:669:6:HAL_UART_MspDeInit	8	static
