main.c:96:6:run_sig	16	static
main.c:109:6:signal_up	8	static
main.c:115:6:signal_down	8	static
main.c:121:6:signal_off	8	static
main.c:127:6:delay_us	16	static
main.c:133:6:toogle_led	8	static
main.c:150:6:run_led	8	static
main.c:159:6:CalibrateSens	16	static
main.c:172:6:CheckDocked	88	static
main.c:195:5:main	8	static
main.c:265:6:SystemClock_Config	88	static
main.c:311:13:MX_ADC1_Init	24	static
main.c:356:13:MX_TIM2_Init	32	static
main.c:401:13:MX_USART1_UART_Init	8	static
main.c:434:13:MX_GPIO_Init	40	static
main.c:481:6:Error_Handler	4	static,ignoring_inline_asm
