main.c:97:6:run_sig	16	static
main.c:110:6:signal_up	8	static
main.c:116:6:signal_down	8	static
main.c:122:6:signal_off	8	static
main.c:128:6:delay_us	16	static
main.c:134:6:toogle_led	8	static
main.c:151:6:run_led	8	static
main.c:160:6:CalibrateSens	16	static
main.c:173:6:CheckDocked	160	static
main.c:196:5:main	8	static
main.c:266:6:SystemClock_Config	88	static
main.c:312:13:MX_ADC1_Init	24	static
main.c:357:13:MX_TIM2_Init	32	static
main.c:402:13:MX_USART1_UART_Init	8	static
main.c:435:13:MX_GPIO_Init	40	static
main.c:482:6:Error_Handler	4	static,ignoring_inline_asm
